Traceback (most recent call last):
  File "/Volumes/zorg/mb312/.virtualenvs/skimage-tutorials/lib/python3.12/site-packages/jupyter_core/utils/__init__.py", line 154, in wrapped
    asyncio.get_running_loop()
RuntimeError: no running event loop

During handling of the above exception, another exception occurred:

Traceback (most recent call last):
  File "/Volumes/zorg/mb312/.virtualenvs/skimage-tutorials/lib/python3.12/site-packages/jupyter_cache/executors/utils.py", line 58, in single_nb_execution
    executenb(
  File "/Volumes/zorg/mb312/.virtualenvs/skimage-tutorials/lib/python3.12/site-packages/nbclient/client.py", line 1319, in execute
    return NotebookClient(nb=nb, resources=resources, km=km, **kwargs).execute()
           ^^^^^^^^^^^^^^^^^^^^^^^^^^^^^^^^^^^^^^^^^^^^^^^^^^^^^^^^^^^^^^^^^^^^^
  File "/Volumes/zorg/mb312/.virtualenvs/skimage-tutorials/lib/python3.12/site-packages/jupyter_core/utils/__init__.py", line 158, in wrapped
    return loop.run_until_complete(inner)
           ^^^^^^^^^^^^^^^^^^^^^^^^^^^^^^
  File "/Library/Frameworks/Python.framework/Versions/3.12/lib/python3.12/asyncio/base_events.py", line 685, in run_until_complete
    return future.result()
           ^^^^^^^^^^^^^^^
  File "/Volumes/zorg/mb312/.virtualenvs/skimage-tutorials/lib/python3.12/site-packages/nbclient/client.py", line 709, in async_execute
    await self.async_execute_cell(
  File "/Volumes/zorg/mb312/.virtualenvs/skimage-tutorials/lib/python3.12/site-packages/nbclient/client.py", line 1062, in async_execute_cell
    await self._check_raise_for_error(cell, cell_index, exec_reply)
  File "/Volumes/zorg/mb312/.virtualenvs/skimage-tutorials/lib/python3.12/site-packages/nbclient/client.py", line 918, in _check_raise_for_error
    raise CellExecutionError.from_cell_and_msg(cell, exec_reply_content)
nbclient.exceptions.CellExecutionError: An error occurred while executing the following cell:
------------------
import numpy as np
from matplotlib import pyplot as plt
from scipy import ndimage as ndi
from skimage import (exposure, feature, filters, io, measure,
                      morphology, restoration, segmentation, transform,
                      util)
import napari
------------------


[31m---------------------------------------------------------------------------[39m
[31mModuleNotFoundError[39m                       Traceback (most recent call last)
[36mCell[39m[36m [39m[32mIn[3][39m[32m, line 7[39m
[32m      3[39m [38;5;28;01mfrom[39;00m[38;5;250m [39m[34;01mscipy[39;00m[38;5;250m [39m[38;5;28;01mimport[39;00m ndimage [38;5;28;01mas[39;00m ndi
[32m      4[39m [38;5;28;01mfrom[39;00m[38;5;250m [39m[34;01mskimage[39;00m[38;5;250m [39m[38;5;28;01mimport[39;00m (exposure, feature, filters, io, measure,
[32m      5[39m                       morphology, restoration, segmentation, transform,
[32m      6[39m                       util)
[32m----> [39m[32m7[39m [38;5;28;01mimport[39;00m[38;5;250m [39m[34;01mnapari[39;00m

[31mModuleNotFoundError[39m: No module named 'napari'

